Processing ./cache/python-foundation-wheels-20260921/addict-2.4.0-py3-none-any.whl (from -r /home/minsujo/Desktop/SH/PHYSx/logs/python-foundation-install-20260921/foundation.local.lock.txt (line 1))
Processing ./cache/python-foundation-wheels-20260921/annotated_types-0.8.0-py3-none-any.whl (from -r /home/minsujo/Desktop/SH/PHYSx/logs/python-foundation-install-20260921/foundation.local.lock.txt (line 2))
Processing ./cache/python-foundation-wheels-20260921/asttokens-3.0.2-py3-none-any.whl (from -r /home/minsujo/Desktop/SH/PHYSx/logs/python-foundation-install-20260921/foundation.local.lock.txt (line 3))
Processing ./cache/python-foundation-wheels-20260921/attrs-26.1.0-py3-none-any.whl (from -r /home/minsujo/Desktop/SH/PHYSx/logs/python-foundation-install-20260921/foundation.local.lock.txt (line 4))
Processing ./cache/python-foundation-wheels-20260921/blinker-1.9.0-py3-none-any.whl (from -r /home/minsujo/Desktop/SH/PHYSx/logs/python-foundation-install-20260921/foundation.local.lock.txt (line 5))
Processing ./cache/python-foundation-wheels-20260921/build-1.2.2.post1-py3-none-any.whl (from -r /home/minsujo/Desktop/SH/PHYSx/logs/python-foundation-install-20260921/foundation.local.lock.txt (line 6))
Processing ./cache/python-foundation-wheels-20260921/ccimport-0.4.4-py3-none-any.whl (from -r /home/minsujo/Desktop/SH/PHYSx/logs/python-foundation-install-20260921/foundation.local.lock.txt (line 7))
Processing ./cache/python-foundation-wheels-20260921/certifi-2026.7.22-py3-none-any.whl (from -r /home/minsujo/Desktop/SH/PHYSx/logs/python-foundation-install-20260921/foundation.local.lock.txt (line 8))
Processing ./cache/python-foundation-wheels-20260921/charset_normalizer-3.5.1-cp310-cp310-manylinux2014_x86_64.manylinux_2_17_x86_64.manylinux_2_28_x86_64.whl (from -r /home/minsujo/Desktop/SH/PHYSx/logs/python-foundation-install-20260921/foundation.local.lock.txt (line 9))
Processing ./cache/python-foundation-wheels-20260921/click-8.5.0-py3-none-any.whl (from -r /home/minsujo/Desktop/SH/PHYSx/logs/python-foundation-install-20260921/foundation.local.lock.txt (line 10))
Processing ./cache/python-foundation-wheels-20260921/cloudpickle-3.1.2-py3-none-any.whl (from -r /home/minsujo/Desktop/SH/PHYSx/logs/python-foundation-install-20260921/foundation.local.lock.txt (line 11))
Processing ./cache/python-foundation-wheels-20260921/cmake-3.31.6-py3-none-manylinux_2_17_x86_64.manylinux2014_x86_64.whl (from -r /home/minsujo/Desktop/SH/PHYSx/logs/python-foundation-install-20260921/foundation.local.lock.txt (line 12))
Processing ./cache/python-foundation-wheels-20260921/coloredlogs-15.0.1-py2.py3-none-any.whl (from -r /home/minsujo/Desktop/SH/PHYSx/logs/python-foundation-install-20260921/foundation.local.lock.txt (line 13))
Processing ./cache/python-foundation-wheels-20260921/comm-0.2.3-py3-none-any.whl (from -r /home/minsujo/Desktop/SH/PHYSx/logs/python-foundation-install-20260921/foundation.local.lock.txt (line 14))
Processing ./cache/python-foundation-wheels-20260921/configargparse-1.7.7-py3-none-any.whl (from -r /home/minsujo/Desktop/SH/PHYSx/logs/python-foundation-install-20260921/foundation.local.lock.txt (line 15))
Processing ./cache/python-foundation-wheels-20260921/contourpy-1.3.2-cp310-cp310-manylinux_2_17_x86_64.manylinux2014_x86_64.whl (from -r /home/minsujo/Desktop/SH/PHYSx/logs/python-foundation-install-20260921/foundation.local.lock.txt (line 16))
Processing ./cache/python-foundation-wheels-20260921/cycler-0.12.1-py3-none-any.whl (from -r /home/minsujo/Desktop/SH/PHYSx/logs/python-foundation-install-20260921/foundation.local.lock.txt (line 17))
Processing ./cache/python-foundation-wheels-20260921/dash-4.4.1-py3-none-any.whl (from -r /home/minsujo/Desktop/SH/PHYSx/logs/python-foundation-install-20260921/foundation.local.lock.txt (line 18))
Processing ./cache/python-foundation-wheels-20260921/dataclasses_json-0.6.7-py3-none-any.whl (from -r /home/minsujo/Desktop/SH/PHYSx/logs/python-foundation-install-20260921/foundation.local.lock.txt (line 19))
Processing ./cache/python-foundation-wheels-20260921/decorator-5.3.1-py3-none-any.whl (from -r /home/minsujo/Desktop/SH/PHYSx/logs/python-foundation-install-20260921/foundation.local.lock.txt (line 20))
Processing ./cache/python-foundation-wheels-20260921/deprecated-1.3.1-py2.py3-none-any.whl (from -r /home/minsujo/Desktop/SH/PHYSx/logs/python-foundation-install-20260921/foundation.local.lock.txt (line 21))
Processing ./cache/python-foundation-wheels-20260921/easydict-1.13-py3-none-any.whl (from -r /home/minsujo/Desktop/SH/PHYSx/logs/python-foundation-install-20260921/foundation.local.lock.txt (line 22))
Processing ./cache/python-foundation-wheels-20260921/einops-0.8.1-py3-none-any.whl (from -r /home/minsujo/Desktop/SH/PHYSx/logs/python-foundation-install-20260921/foundation.local.lock.txt (line 23))
Processing ./cache/python-foundation-wheels-20260921/entrypoints-0.4-py3-none-any.whl (from -r /home/minsujo/Desktop/SH/PHYSx/logs/python-foundation-install-20260921/foundation.local.lock.txt (line 24))
Processing ./cache/python-foundation-wheels-20260921/exceptiongroup-1.3.1-py3-none-any.whl (from -r /home/minsujo/Desktop/SH/PHYSx/logs/python-foundation-install-20260921/foundation.local.lock.txt (line 25))
Processing ./cache/python-foundation-wheels-20260921/executing-2.2.1-py2.py3-none-any.whl (from -r /home/minsujo/Desktop/SH/PHYSx/logs/python-foundation-install-20260921/foundation.local.lock.txt (line 26))
Processing ./cache/python-foundation-wheels-20260921/fastjsonschema-2.22.2-py3-none-any.whl (from -r /home/minsujo/Desktop/SH/PHYSx/logs/python-foundation-install-20260921/foundation.local.lock.txt (line 27))
Processing ./cache/python-foundation-wheels-20260921/filelock-4.0.1-py3-none-any.whl (from -r /home/minsujo/Desktop/SH/PHYSx/logs/python-foundation-install-20260921/foundation.local.lock.txt (line 28))
Processing ./cache/python-foundation-wheels-20260921/fire-0.7.1-py3-none-any.whl (from -r /home/minsujo/Desktop/SH/PHYSx/logs/python-foundation-install-20260921/foundation.local.lock.txt (line 29))
Processing ./cache/python-foundation-wheels-20260921/flask-3.1.3-py3-none-any.whl (from -r /home/minsujo/Desktop/SH/PHYSx/logs/python-foundation-install-20260921/foundation.local.lock.txt (line 30))
Processing ./cache/python-foundation-wheels-20260921/flatbuffers-25.12.19-py2.py3-none-any.whl (from -r /home/minsujo/Desktop/SH/PHYSx/logs/python-foundation-install-20260921/foundation.local.lock.txt (line 31))
Processing ./cache/python-foundation-wheels-20260921/fonttools-4.65.0-cp310-cp310-manylinux2014_x86_64.manylinux_2_17_x86_64.whl (from -r /home/minsujo/Desktop/SH/PHYSx/logs/python-foundation-install-20260921/foundation.local.lock.txt (line 32))
Processing ./cache/python-foundation-wheels-20260921/fsspec-2026.9.0-py3-none-any.whl (from -r /home/minsujo/Desktop/SH/PHYSx/logs/python-foundation-install-20260921/foundation.local.lock.txt (line 33))
Processing ./cache/python-foundation-wheels-20260921/ftfy-6.3.1-py3-none-any.whl (from -r /home/minsujo/Desktop/SH/PHYSx/logs/python-foundation-install-20260921/foundation.local.lock.txt (line 34))
Processing ./cache/python-foundation-wheels-20260921/glcontext-3.0.0-cp310-cp310-manylinux_2_5_x86_64.manylinux1_x86_64.manylinux_2_17_x86_64.manylinux2014_x86_64.whl (from -r /home/minsujo/Desktop/SH/PHYSx/logs/python-foundation-install-20260921/foundation.local.lock.txt (line 35))
Processing ./cache/python-foundation-wheels-20260921/hf_xet-1.6.0-cp38-abi3-manylinux2014_x86_64.manylinux_2_17_x86_64.whl (from -r /home/minsujo/Desktop/SH/PHYSx/logs/python-foundation-install-20260921/foundation.local.lock.txt (line 36))
Processing ./cache/python-foundation-wheels-20260921/huggingface_hub-0.34.4-py3-none-any.whl (from -r /home/minsujo/Desktop/SH/PHYSx/logs/python-foundation-install-20260921/foundation.local.lock.txt (line 37))
Processing ./cache/python-foundation-wheels-20260921/humanfriendly-10.0-py2.py3-none-any.whl (from -r /home/minsujo/Desktop/SH/PHYSx/logs/python-foundation-install-20260921/foundation.local.lock.txt (line 38))
Processing ./cache/python-foundation-wheels-20260921/idna-3.20-py3-none-any.whl (from -r /home/minsujo/Desktop/SH/PHYSx/logs/python-foundation-install-20260921/foundation.local.lock.txt (line 39))
Processing ./cache/python-foundation-wheels-20260921/igraph-0.11.8-cp39-abi3-manylinux_2_17_x86_64.manylinux2014_x86_64.whl (from -r /home/minsujo/Desktop/SH/PHYSx/logs/python-foundation-install-20260921/foundation.local.lock.txt (line 40))
Processing ./cache/python-foundation-wheels-20260921/imageio-2.37.0-py3-none-any.whl (from -r /home/minsujo/Desktop/SH/PHYSx/logs/python-foundation-install-20260921/foundation.local.lock.txt (line 41))
Processing ./cache/python-foundation-wheels-20260921/imageio_ffmpeg-0.6.0-py3-none-manylinux2014_x86_64.whl (from -r /home/minsujo/Desktop/SH/PHYSx/logs/python-foundation-install-20260921/foundation.local.lock.txt (line 42))
Processing ./cache/python-foundation-wheels-20260921/importlib_metadata-9.0.1-py3-none-any.whl (from -r /home/minsujo/Desktop/SH/PHYSx/logs/python-foundation-install-20260921/foundation.local.lock.txt (line 43))
Processing ./cache/python-foundation-wheels-20260921/ipdb-0.13.13-py3-none-any.whl (from -r /home/minsujo/Desktop/SH/PHYSx/logs/python-foundation-install-20260921/foundation.local.lock.txt (line 44))
Processing ./cache/python-foundation-wheels-20260921/ipycanvas-0.14.3-py2.py3-none-any.whl (from -r /home/minsujo/Desktop/SH/PHYSx/logs/python-foundation-install-20260921/foundation.local.lock.txt (line 45))
Processing ./cache/python-foundation-wheels-20260921/ipyevents-2.0.4-py3-none-any.whl (from -r /home/minsujo/Desktop/SH/PHYSx/logs/python-foundation-install-20260921/foundation.local.lock.txt (line 46))
Processing ./cache/python-foundation-wheels-20260921/ipython-8.39.0-py3-none-any.whl (from -r /home/minsujo/Desktop/SH/PHYSx/logs/python-foundation-install-20260921/foundation.local.lock.txt (line 47))
Processing ./cache/python-foundation-wheels-20260921/ipywidgets-8.1.9-py3-none-any.whl (from -r /home/minsujo/Desktop/SH/PHYSx/logs/python-foundation-install-20260921/foundation.local.lock.txt (line 48))
Processing ./cache/python-foundation-wheels-20260921/itsdangerous-2.2.0-py3-none-any.whl (from -r /home/minsujo/Desktop/SH/PHYSx/logs/python-foundation-install-20260921/foundation.local.lock.txt (line 49))
Processing ./cache/python-foundation-wheels-20260921/janus-2.0.0-py3-none-any.whl (from -r /home/minsujo/Desktop/SH/PHYSx/logs/python-foundation-install-20260921/foundation.local.lock.txt (line 50))
Processing ./cache/python-foundation-wheels-20260921/jedi-0.20.0-py2.py3-none-any.whl (from -r /home/minsujo/Desktop/SH/PHYSx/logs/python-foundation-install-20260921/foundation.local.lock.txt (line 51))
Processing ./cache/python-foundation-wheels-20260921/jinja2-3.1.6-py3-none-any.whl (from -r /home/minsujo/Desktop/SH/PHYSx/logs/python-foundation-install-20260921/foundation.local.lock.txt (line 52))
Processing ./cache/python-foundation-wheels-20260921/joblib-1.6.0-py3-none-any.whl (from -r /home/minsujo/Desktop/SH/PHYSx/logs/python-foundation-install-20260921/foundation.local.lock.txt (line 53))
Processing ./cache/python-foundation-wheels-20260921/jsonschema-4.26.0-py3-none-any.whl (from -r /home/minsujo/Desktop/SH/PHYSx/logs/python-foundation-install-20260921/foundation.local.lock.txt (line 54))
Processing ./cache/python-foundation-wheels-20260921/jsonschema_specifications-2025.9.1-py3-none-any.whl (from -r /home/minsujo/Desktop/SH/PHYSx/logs/python-foundation-install-20260921/foundation.local.lock.txt (line 55))
Processing ./cache/python-foundation-wheels-20260921/jupyter_client-7.4.9-py3-none-any.whl (from -r /home/minsujo/Desktop/SH/PHYSx/logs/python-foundation-install-20260921/foundation.local.lock.txt (line 56))
Processing ./cache/python-foundation-wheels-20260921/jupyter_core-5.9.1-py3-none-any.whl (from -r /home/minsujo/Desktop/SH/PHYSx/logs/python-foundation-install-20260921/foundation.local.lock.txt (line 57))
Processing ./cache/python-foundation-wheels-20260921/jupyterlab_widgets-3.0.17-py3-none-any.whl (from -r /home/minsujo/Desktop/SH/PHYSx/logs/python-foundation-install-20260921/foundation.local.lock.txt (line 58))
Processing ./cache/python-foundation-wheels-20260921/kaolin-0.18.0-cp310-cp310-linux_x86_64.whl (from -r /home/minsujo/Desktop/SH/PHYSx/logs/python-foundation-install-20260921/foundation.local.lock.txt (line 59))
Processing ./cache/python-foundation-wheels-20260921/kiwisolver-1.5.1-cp310-cp310-manylinux_2_12_x86_64.manylinux2010_x86_64.whl (from -r /home/minsujo/Desktop/SH/PHYSx/logs/python-foundation-install-20260921/foundation.local.lock.txt (line 60))
Processing ./cache/python-foundation-wheels-20260921/lark-1.3.1-py3-none-any.whl (from -r /home/minsujo/Desktop/SH/PHYSx/logs/python-foundation-install-20260921/foundation.local.lock.txt (line 61))
Processing ./cache/python-foundation-wheels-20260921/lazy_loader-0.5-py3-none-any.whl (from -r /home/minsujo/Desktop/SH/PHYSx/logs/python-foundation-install-20260921/foundation.local.lock.txt (line 62))
Processing ./cache/python-foundation-wheels-20260921/llvmlite-0.49.0-cp310-cp310-manylinux2014_x86_64.manylinux_2_17_x86_64.whl (from -r /home/minsujo/Desktop/SH/PHYSx/logs/python-foundation-install-20260921/foundation.local.lock.txt (line 63))
Processing ./cache/python-foundation-wheels-20260921/markupsafe-3.0.3-cp310-cp310-manylinux2014_x86_64.manylinux_2_17_x86_64.manylinux_2_28_x86_64.whl (from -r /home/minsujo/Desktop/SH/PHYSx/logs/python-foundation-install-20260921/foundation.local.lock.txt (line 64))
Processing ./cache/python-foundation-wheels-20260921/marshmallow-3.26.2-py3-none-any.whl (from -r /home/minsujo/Desktop/SH/PHYSx/logs/python-foundation-install-20260921/foundation.local.lock.txt (line 65))
Processing ./cache/python-foundation-wheels-20260921/matplotlib-3.10.9-cp310-cp310-manylinux2014_x86_64.manylinux_2_17_x86_64.whl (from -r /home/minsujo/Desktop/SH/PHYSx/logs/python-foundation-install-20260921/foundation.local.lock.txt (line 66))
Processing ./cache/python-foundation-wheels-20260921/matplotlib_inline-0.2.2-py3-none-any.whl (from -r /home/minsujo/Desktop/SH/PHYSx/logs/python-foundation-install-20260921/foundation.local.lock.txt (line 67))
Processing ./cache/python-foundation-wheels-20260921/moderngl-5.12.0-cp310-cp310-manylinux_2_17_x86_64.manylinux2014_x86_64.whl (from -r /home/minsujo/Desktop/SH/PHYSx/logs/python-foundation-install-20260921/foundation.local.lock.txt (line 68))
Processing ./cache/python-foundation-wheels-20260921/mpmath-1.3.0-py3-none-any.whl (from -r /home/minsujo/Desktop/SH/PHYSx/logs/python-foundation-install-20260921/foundation.local.lock.txt (line 69))
Processing ./cache/python-foundation-wheels-20260921/mypy_extensions-1.1.0-py3-none-any.whl (from -r /home/minsujo/Desktop/SH/PHYSx/logs/python-foundation-install-20260921/foundation.local.lock.txt (line 70))
Processing ./cache/python-foundation-wheels-20260921/narwhals-2.26.0-py3-none-any.whl (from -r /home/minsujo/Desktop/SH/PHYSx/logs/python-foundation-install-20260921/foundation.local.lock.txt (line 71))
Processing ./cache/python-foundation-wheels-20260921/nbformat-5.11.1-py3-none-any.whl (from -r /home/minsujo/Desktop/SH/PHYSx/logs/python-foundation-install-20260921/foundation.local.lock.txt (line 72))
Processing ./cache/python-foundation-wheels-20260921/nest_asyncio-1.6.0-py3-none-any.whl (from -r /home/minsujo/Desktop/SH/PHYSx/logs/python-foundation-install-20260921/foundation.local.lock.txt (line 73))
Processing ./cache/python-foundation-wheels-20260921/networkx-3.4.2-py3-none-any.whl (from -r /home/minsujo/Desktop/SH/PHYSx/logs/python-foundation-install-20260921/foundation.local.lock.txt (line 74))
Processing ./cache/python-foundation-wheels-20260921/ninja-1.11.1.4-py3-none-manylinux_2_12_x86_64.manylinux2010_x86_64.whl (from -r /home/minsujo/Desktop/SH/PHYSx/logs/python-foundation-install-20260921/foundation.local.lock.txt (line 75))
Processing ./cache/python-foundation-wheels-20260921/numba-0.67.0-cp310-cp310-manylinux2014_x86_64.manylinux_2_17_x86_64.whl (from -r /home/minsujo/Desktop/SH/PHYSx/logs/python-foundation-install-20260921/foundation.local.lock.txt (line 76))
Processing ./cache/python-foundation-wheels-20260921/numpy-1.26.4-cp310-cp310-manylinux_2_17_x86_64.manylinux2014_x86_64.whl (from -r /home/minsujo/Desktop/SH/PHYSx/logs/python-foundation-install-20260921/foundation.local.lock.txt (line 77))
Processing ./cache/python-foundation-wheels-20260921/nvidia_cublas_cu12-12.8.3.14-py3-none-manylinux_2_27_x86_64.whl (from -r /home/minsujo/Desktop/SH/PHYSx/logs/python-foundation-install-20260921/foundation.local.lock.txt (line 78))
Processing ./cache/python-foundation-wheels-20260921/nvidia_cuda_cupti_cu12-12.8.57-py3-none-manylinux2014_x86_64.manylinux_2_17_x86_64.whl (from -r /home/minsujo/Desktop/SH/PHYSx/logs/python-foundation-install-20260921/foundation.local.lock.txt (line 79))
Processing ./cache/python-foundation-wheels-20260921/nvidia_cuda_nvrtc_cu12-12.8.61-py3-none-manylinux2010_x86_64.manylinux_2_12_x86_64.whl (from -r /home/minsujo/Desktop/SH/PHYSx/logs/python-foundation-install-20260921/foundation.local.lock.txt (line 80))
Processing ./cache/python-foundation-wheels-20260921/nvidia_cuda_runtime_cu12-12.8.57-py3-none-manylinux2014_x86_64.manylinux_2_17_x86_64.whl (from -r /home/minsujo/Desktop/SH/PHYSx/logs/python-foundation-install-20260921/foundation.local.lock.txt (line 81))
Processing ./cache/python-foundation-wheels-20260921/nvidia_cudnn_cu12-9.7.1.26-py3-none-manylinux_2_27_x86_64.whl (from -r /home/minsujo/Desktop/SH/PHYSx/logs/python-foundation-install-20260921/foundation.local.lock.txt (line 82))
Processing ./cache/python-foundation-wheels-20260921/nvidia_cufft_cu12-11.3.3.41-py3-none-manylinux2014_x86_64.manylinux_2_17_x86_64.whl (from -r /home/minsujo/Desktop/SH/PHYSx/logs/python-foundation-install-20260921/foundation.local.lock.txt (line 83))
Processing ./cache/python-foundation-wheels-20260921/nvidia_cufile_cu12-1.13.0.11-py3-none-manylinux2014_x86_64.manylinux_2_17_x86_64.whl (from -r /home/minsujo/Desktop/SH/PHYSx/logs/python-foundation-install-20260921/foundation.local.lock.txt (line 84))
Processing ./cache/python-foundation-wheels-20260921/nvidia_curand_cu12-10.3.9.55-py3-none-manylinux_2_27_x86_64.whl (from -r /home/minsujo/Desktop/SH/PHYSx/logs/python-foundation-install-20260921/foundation.local.lock.txt (line 85))
Processing ./cache/python-foundation-wheels-20260921/nvidia_cusolver_cu12-11.7.2.55-py3-none-manylinux_2_27_x86_64.whl (from -r /home/minsujo/Desktop/SH/PHYSx/logs/python-foundation-install-20260921/foundation.local.lock.txt (line 86))
Processing ./cache/python-foundation-wheels-20260921/nvidia_cusparse_cu12-12.5.7.53-py3-none-manylinux2014_x86_64.manylinux_2_17_x86_64.whl (from -r /home/minsujo/Desktop/SH/PHYSx/logs/python-foundation-install-20260921/foundation.local.lock.txt (line 87))
Processing ./cache/python-foundation-wheels-20260921/nvidia_cusparselt_cu12-0.6.3-py3-none-manylinux2014_x86_64.whl (from -r /home/minsujo/Desktop/SH/PHYSx/logs/python-foundation-install-20260921/foundation.local.lock.txt (line 88))
Processing ./cache/python-foundation-wheels-20260921/nvidia_nccl_cu12-2.26.2-py3-none-manylinux2014_x86_64.manylinux_2_17_x86_64.whl (from -r /home/minsujo/Desktop/SH/PHYSx/logs/python-foundation-install-20260921/foundation.local.lock.txt (line 89))
Processing ./cache/python-foundation-wheels-20260921/nvidia_nvjitlink_cu12-12.8.61-py3-none-manylinux2010_x86_64.manylinux_2_12_x86_64.whl (from -r /home/minsujo/Desktop/SH/PHYSx/logs/python-foundation-install-20260921/foundation.local.lock.txt (line 90))
Processing ./cache/python-foundation-wheels-20260921/nvidia_nvtx_cu12-12.8.55-py3-none-manylinux2014_x86_64.manylinux_2_17_x86_64.whl (from -r /home/minsujo/Desktop/SH/PHYSx/logs/python-foundation-install-20260921/foundation.local.lock.txt (line 91))
Processing ./cache/python-foundation-wheels-20260921/onnxruntime-1.22.0-cp310-cp310-manylinux_2_27_x86_64.manylinux_2_28_x86_64.whl (from -r /home/minsujo/Desktop/SH/PHYSx/logs/python-foundation-install-20260921/foundation.local.lock.txt (line 92))
Processing ./cache/python-foundation-wheels-20260921/open3d-0.19.0-cp310-cp310-manylinux_2_31_x86_64.whl (from -r /home/minsujo/Desktop/SH/PHYSx/logs/python-foundation-install-20260921/foundation.local.lock.txt (line 93))
Processing ./cache/python-foundation-wheels-20260921/opencv_python_headless-4.11.0.86-cp37-abi3-manylinux_2_17_x86_64.manylinux2014_x86_64.whl (from -r /home/minsujo/Desktop/SH/PHYSx/logs/python-foundation-install-20260921/foundation.local.lock.txt (line 94))
Processing ./cache/python-foundation-wheels-20260921/packaging-24.2-py3-none-any.whl (from -r /home/minsujo/Desktop/SH/PHYSx/logs/python-foundation-install-20260921/foundation.local.lock.txt (line 95))
Processing ./cache/python-foundation-wheels-20260921/pandas-2.3.3-cp310-cp310-manylinux_2_24_x86_64.manylinux_2_28_x86_64.whl (from -r /home/minsujo/Desktop/SH/PHYSx/logs/python-foundation-install-20260921/foundation.local.lock.txt (line 96))
Processing ./cache/python-foundation-wheels-20260921/parso-0.8.7-py2.py3-none-any.whl (from -r /home/minsujo/Desktop/SH/PHYSx/logs/python-foundation-install-20260921/foundation.local.lock.txt (line 97))
Processing ./cache/python-foundation-wheels-20260921/pccm-0.4.16-py3-none-any.whl (from -r /home/minsujo/Desktop/SH/PHYSx/logs/python-foundation-install-20260921/foundation.local.lock.txt (line 98))
Processing ./cache/python-foundation-wheels-20260921/pexpect-4.9.0-py2.py3-none-any.whl (from -r /home/minsujo/Desktop/SH/PHYSx/logs/python-foundation-install-20260921/foundation.local.lock.txt (line 99))
Processing ./cache/python-foundation-wheels-20260921/pillow-11.2.1-cp310-cp310-manylinux_2_28_x86_64.whl (from -r /home/minsujo/Desktop/SH/PHYSx/logs/python-foundation-install-20260921/foundation.local.lock.txt (line 100))
Processing ./cache/python-foundation-wheels-20260921/platformdirs-4.11.11-py3-none-any.whl (from -r /home/minsujo/Desktop/SH/PHYSx/logs/python-foundation-install-20260921/foundation.local.lock.txt (line 101))
Processing ./cache/python-foundation-wheels-20260921/plotly-7.1.0-py3-none-any.whl (from -r /home/minsujo/Desktop/SH/PHYSx/logs/python-foundation-install-20260921/foundation.local.lock.txt (line 102))
Processing ./cache/python-foundation-wheels-20260921/plyfile-1.1.2-py3-none-any.whl (from -r /home/minsujo/Desktop/SH/PHYSx/logs/python-foundation-install-20260921/foundation.local.lock.txt (line 103))
Processing ./cache/python-foundation-wheels-20260921/pooch-1.9.0-py3-none-any.whl (from -r /home/minsujo/Desktop/SH/PHYSx/logs/python-foundation-install-20260921/foundation.local.lock.txt (line 104))
Processing ./cache/python-foundation-wheels-20260921/portalocker-4.4.0-py3-none-any.whl (from -r /home/minsujo/Desktop/SH/PHYSx/logs/python-foundation-install-20260921/foundation.local.lock.txt (line 105))
Processing ./cache/python-foundation-wheels-20260921/prompt_toolkit-3.0.53-py3-none-any.whl (from -r /home/minsujo/Desktop/SH/PHYSx/logs/python-foundation-install-20260921/foundation.local.lock.txt (line 106))
Processing ./cache/python-foundation-wheels-20260921/protobuf-7.36.2-cp310-abi3-manylinux2014_x86_64.whl (from -r /home/minsujo/Desktop/SH/PHYSx/logs/python-foundation-install-20260921/foundation.local.lock.txt (line 107))
Processing ./cache/python-foundation-wheels-20260921/psutil-7.0.0-cp36-abi3-manylinux_2_12_x86_64.manylinux2010_x86_64.manylinux_2_17_x86_64.manylinux2014_x86_64.whl (from -r /home/minsujo/Desktop/SH/PHYSx/logs/python-foundation-install-20260921/foundation.local.lock.txt (line 108))
Processing ./cache/python-foundation-wheels-20260921/ptyprocess-0.7.0-py2.py3-none-any.whl (from -r /home/minsujo/Desktop/SH/PHYSx/logs/python-foundation-install-20260921/foundation.local.lock.txt (line 109))
Processing ./cache/python-foundation-wheels-20260921/pure_eval-0.2.4-py3-none-any.whl (from -r /home/minsujo/Desktop/SH/PHYSx/logs/python-foundation-install-20260921/foundation.local.lock.txt (line 110))
Processing ./cache/python-foundation-wheels-20260921/pybind11-3.1.0-py3-none-any.whl (from -r /home/minsujo/Desktop/SH/PHYSx/logs/python-foundation-install-20260921/foundation.local.lock.txt (line 111))
Processing ./cache/python-foundation-wheels-20260921/pydantic-2.13.5-py3-none-any.whl (from -r /home/minsujo/Desktop/SH/PHYSx/logs/python-foundation-install-20260921/foundation.local.lock.txt (line 112))
Processing ./cache/python-foundation-wheels-20260921/pydantic_core-2.46.5-cp310-cp310-manylinux_2_17_x86_64.manylinux2014_x86_64.whl (from -r /home/minsujo/Desktop/SH/PHYSx/logs/python-foundation-install-20260921/foundation.local.lock.txt (line 113))
Processing ./cache/python-foundation-wheels-20260921/pygltflib-1.16.5-py3-none-any.whl (from -r /home/minsujo/Desktop/SH/PHYSx/logs/python-foundation-install-20260921/foundation.local.lock.txt (line 114))
Processing ./cache/python-foundation-wheels-20260921/pygments-2.21.0-py3-none-any.whl (from -r /home/minsujo/Desktop/SH/PHYSx/logs/python-foundation-install-20260921/foundation.local.lock.txt (line 115))
Processing ./cache/python-foundation-wheels-20260921/pymatting-1.1.16-py3-none-any.whl (from -r /home/minsujo/Desktop/SH/PHYSx/logs/python-foundation-install-20260921/foundation.local.lock.txt (line 116))
Processing ./cache/python-foundation-wheels-20260921/pymeshfix-0.17.0-cp310-cp310-manylinux_2_17_x86_64.manylinux2014_x86_64.whl (from -r /home/minsujo/Desktop/SH/PHYSx/logs/python-foundation-install-20260921/foundation.local.lock.txt (line 117))
Processing ./cache/python-foundation-wheels-20260921/pyparsing-3.3.2-py3-none-any.whl (from -r /home/minsujo/Desktop/SH/PHYSx/logs/python-foundation-install-20260921/foundation.local.lock.txt (line 118))
Processing ./cache/python-foundation-wheels-20260921/pyproject_hooks-1.3.3-py3-none-any.whl (from -r /home/minsujo/Desktop/SH/PHYSx/logs/python-foundation-install-20260921/foundation.local.lock.txt (line 119))
Processing ./cache/python-foundation-wheels-20260921/pyquaternion-0.9.9-py3-none-any.whl (from -r /home/minsujo/Desktop/SH/PHYSx/logs/python-foundation-install-20260921/foundation.local.lock.txt (line 120))
Processing ./cache/python-foundation-wheels-20260921/python_dateutil-2.9.0.post0-py2.py3-none-any.whl (from -r /home/minsujo/Desktop/SH/PHYSx/logs/python-foundation-install-20260921/foundation.local.lock.txt (line 121))
Processing ./cache/python-foundation-wheels-20260921/pytz-2026.3.post1-py2.py3-none-any.whl (from -r /home/minsujo/Desktop/SH/PHYSx/logs/python-foundation-install-20260921/foundation.local.lock.txt (line 122))
Processing ./cache/python-foundation-wheels-20260921/pyvista-0.45.2-py3-none-any.whl (from -r /home/minsujo/Desktop/SH/PHYSx/logs/python-foundation-install-20260921/foundation.local.lock.txt (line 123))
Processing ./cache/python-foundation-wheels-20260921/pyyaml-6.0.3-cp310-cp310-manylinux2014_x86_64.manylinux_2_17_x86_64.manylinux_2_28_x86_64.whl (from -r /home/minsujo/Desktop/SH/PHYSx/logs/python-foundation-install-20260921/foundation.local.lock.txt (line 124))
Processing ./cache/python-foundation-wheels-20260921/pyzmq-27.2.0-cp310-cp310-manylinux_2_26_x86_64.manylinux_2_28_x86_64.whl (from -r /home/minsujo/Desktop/SH/PHYSx/logs/python-foundation-install-20260921/foundation.local.lock.txt (line 125))
Processing ./cache/python-foundation-wheels-20260921/referencing-0.37.0-py3-none-any.whl (from -r /home/minsujo/Desktop/SH/PHYSx/logs/python-foundation-install-20260921/foundation.local.lock.txt (line 126))
Processing ./cache/python-foundation-wheels-20260921/regex-2024.11.6-cp310-cp310-manylinux_2_17_x86_64.manylinux2014_x86_64.whl (from -r /home/minsujo/Desktop/SH/PHYSx/logs/python-foundation-install-20260921/foundation.local.lock.txt (line 127))
Processing ./cache/python-foundation-wheels-20260921/rembg-2.0.65-py3-none-any.whl (from -r /home/minsujo/Desktop/SH/PHYSx/logs/python-foundation-install-20260921/foundation.local.lock.txt (line 128))
Processing ./cache/python-foundation-wheels-20260921/requests-2.34.2-py3-none-any.whl (from -r /home/minsujo/Desktop/SH/PHYSx/logs/python-foundation-install-20260921/foundation.local.lock.txt (line 129))
Processing ./cache/python-foundation-wheels-20260921/retrying-1.4.2-py3-none-any.whl (from -r /home/minsujo/Desktop/SH/PHYSx/logs/python-foundation-install-20260921/foundation.local.lock.txt (line 130))
Processing ./cache/python-foundation-wheels-20260921/rpds_py-0.30.0-cp310-cp310-manylinux_2_17_x86_64.manylinux2014_x86_64.whl (from -r /home/minsujo/Desktop/SH/PHYSx/logs/python-foundation-install-20260921/foundation.local.lock.txt (line 131))
Processing ./cache/python-foundation-wheels-20260921/safetensors-0.5.3-cp38-abi3-manylinux_2_17_x86_64.manylinux2014_x86_64.whl (from -r /home/minsujo/Desktop/SH/PHYSx/logs/python-foundation-install-20260921/foundation.local.lock.txt (line 132))
Processing ./cache/python-foundation-wheels-20260921/scikit_image-0.25.2-cp310-cp310-manylinux_2_17_x86_64.manylinux2014_x86_64.whl (from -r /home/minsujo/Desktop/SH/PHYSx/logs/python-foundation-install-20260921/foundation.local.lock.txt (line 133))
Processing ./cache/python-foundation-wheels-20260921/scikit_learn-1.7.2-cp310-cp310-manylinux2014_x86_64.manylinux_2_17_x86_64.whl (from -r /home/minsujo/Desktop/SH/PHYSx/logs/python-foundation-install-20260921/foundation.local.lock.txt (line 134))
Processing ./cache/python-foundation-wheels-20260921/scipy-1.15.3-cp310-cp310-manylinux_2_17_x86_64.manylinux2014_x86_64.whl (from -r /home/minsujo/Desktop/SH/PHYSx/logs/python-foundation-install-20260921/foundation.local.lock.txt (line 135))
Processing ./cache/python-foundation-wheels-20260921/scooby-0.12.0-py3-none-any.whl (from -r /home/minsujo/Desktop/SH/PHYSx/logs/python-foundation-install-20260921/foundation.local.lock.txt (line 136))
Processing ./cache/python-foundation-wheels-20260921/setuptools-75.8.0-py3-none-any.whl (from -r /home/minsujo/Desktop/SH/PHYSx/logs/python-foundation-install-20260921/foundation.local.lock.txt (line 137))
Processing ./cache/python-foundation-wheels-20260921/six-1.17.0-py2.py3-none-any.whl (from -r /home/minsujo/Desktop/SH/PHYSx/logs/python-foundation-install-20260921/foundation.local.lock.txt (line 138))
Processing ./cache/python-foundation-wheels-20260921/stack_data-0.6.3-py3-none-any.whl (from -r /home/minsujo/Desktop/SH/PHYSx/logs/python-foundation-install-20260921/foundation.local.lock.txt (line 139))
Processing ./cache/python-foundation-wheels-20260921/sympy-1.14.0-py3-none-any.whl (from -r /home/minsujo/Desktop/SH/PHYSx/logs/python-foundation-install-20260921/foundation.local.lock.txt (line 140))
Processing ./cache/python-foundation-wheels-20260921/termcolor-3.3.0-py3-none-any.whl (from -r /home/minsujo/Desktop/SH/PHYSx/logs/python-foundation-install-20260921/foundation.local.lock.txt (line 141))
Processing ./cache/python-foundation-wheels-20260921/texttable-1.7.0-py2.py3-none-any.whl (from -r /home/minsujo/Desktop/SH/PHYSx/logs/python-foundation-install-20260921/foundation.local.lock.txt (line 142))
Processing ./cache/python-foundation-wheels-20260921/threadpoolctl-3.7.0-py3-none-any.whl (from -r /home/minsujo/Desktop/SH/PHYSx/logs/python-foundation-install-20260921/foundation.local.lock.txt (line 143))
Processing ./cache/python-foundation-wheels-20260921/tifffile-2025.5.10-py3-none-any.whl (from -r /home/minsujo/Desktop/SH/PHYSx/logs/python-foundation-install-20260921/foundation.local.lock.txt (line 144))
Processing ./cache/python-foundation-wheels-20260921/tokenizers-0.21.1-cp39-abi3-manylinux_2_17_x86_64.manylinux2014_x86_64.whl (from -r /home/minsujo/Desktop/SH/PHYSx/logs/python-foundation-install-20260921/foundation.local.lock.txt (line 145))
Processing ./cache/python-foundation-wheels-20260921/tomli-2.4.1-py3-none-any.whl (from -r /home/minsujo/Desktop/SH/PHYSx/logs/python-foundation-install-20260921/foundation.local.lock.txt (line 146))
Processing ./cache/python-foundation-wheels-20260921/torch-2.7.1+cu128-cp310-cp310-manylinux_2_28_x86_64.whl (from -r /home/minsujo/Desktop/SH/PHYSx/logs/python-foundation-install-20260921/foundation.local.lock.txt (line 147))
Processing ./cache/python-foundation-wheels-20260921/torchvision-0.22.1+cu128-cp310-cp310-manylinux_2_28_x86_64.whl (from -r /home/minsujo/Desktop/SH/PHYSx/logs/python-foundation-install-20260921/foundation.local.lock.txt (line 148))
Processing ./cache/python-foundation-wheels-20260921/tornado-6.5.10-cp39-abi3-manylinux1_x86_64.manylinux_2_28_x86_64.manylinux_2_5_x86_64.whl (from -r /home/minsujo/Desktop/SH/PHYSx/logs/python-foundation-install-20260921/foundation.local.lock.txt (line 149))
Processing ./cache/python-foundation-wheels-20260921/tqdm-4.67.1-py3-none-any.whl (from -r /home/minsujo/Desktop/SH/PHYSx/logs/python-foundation-install-20260921/foundation.local.lock.txt (line 150))
Processing ./cache/python-foundation-wheels-20260921/traitlets-5.16.1-py3-none-any.whl (from -r /home/minsujo/Desktop/SH/PHYSx/logs/python-foundation-install-20260921/foundation.local.lock.txt (line 151))
Processing ./cache/python-foundation-wheels-20260921/transformers-4.51.3-py3-none-any.whl (from -r /home/minsujo/Desktop/SH/PHYSx/logs/python-foundation-install-20260921/foundation.local.lock.txt (line 152))
Processing ./cache/python-foundation-wheels-20260921/trimesh-4.6.8-py3-none-any.whl (from -r /home/minsujo/Desktop/SH/PHYSx/logs/python-foundation-install-20260921/foundation.local.lock.txt (line 153))
Processing ./cache/python-foundation-wheels-20260921/triton-3.3.1-cp310-cp310-manylinux_2_27_x86_64.manylinux_2_28_x86_64.whl (from -r /home/minsujo/Desktop/SH/PHYSx/logs/python-foundation-install-20260921/foundation.local.lock.txt (line 154))
Processing ./cache/python-foundation-wheels-20260921/typing_extensions-4.16.0-py3-none-any.whl (from -r /home/minsujo/Desktop/SH/PHYSx/logs/python-foundation-install-20260921/foundation.local.lock.txt (line 155))
Processing ./cache/python-foundation-wheels-20260921/typing_inspect-0.9.0-py3-none-any.whl (from -r /home/minsujo/Desktop/SH/PHYSx/logs/python-foundation-install-20260921/foundation.local.lock.txt (line 156))
Processing ./cache/python-foundation-wheels-20260921/typing_inspection-0.4.4-py3-none-any.whl (from -r /home/minsujo/Desktop/SH/PHYSx/logs/python-foundation-install-20260921/foundation.local.lock.txt (line 157))
Processing ./cache/python-foundation-wheels-20260921/tzdata-2026.4-py2.py3-none-any.whl (from -r /home/minsujo/Desktop/SH/PHYSx/logs/python-foundation-install-20260921/foundation.local.lock.txt (line 158))
Processing ./cache/python-foundation-wheels-20260921/urllib3-2.8.0-py3-none-any.whl (from -r /home/minsujo/Desktop/SH/PHYSx/logs/python-foundation-install-20260921/foundation.local.lock.txt (line 159))
Processing ./cache/python-foundation-wheels-20260921/usd_core-26.8-cp310-none-manylinux_2_27_x86_64.manylinux_2_28_x86_64.whl (from -r /home/minsujo/Desktop/SH/PHYSx/logs/python-foundation-install-20260921/foundation.local.lock.txt (line 160))
Processing ./cache/python-foundation-wheels-20260921/vtk-9.4.2-cp310-cp310-manylinux_2_17_x86_64.manylinux2014_x86_64.whl (from -r /home/minsujo/Desktop/SH/PHYSx/logs/python-foundation-install-20260921/foundation.local.lock.txt (line 161))
Processing ./cache/python-foundation-wheels-20260921/warp_lang-1.17.0-py3-none-manylinux_2_28_x86_64.whl (from -r /home/minsujo/Desktop/SH/PHYSx/logs/python-foundation-install-20260921/foundation.local.lock.txt (line 162))
Processing ./cache/python-foundation-wheels-20260921/wcwidth-0.8.4-py3-none-any.whl (from -r /home/minsujo/Desktop/SH/PHYSx/logs/python-foundation-install-20260921/foundation.local.lock.txt (line 163))
Processing ./cache/python-foundation-wheels-20260921/werkzeug-3.1.8-py3-none-any.whl (from -r /home/minsujo/Desktop/SH/PHYSx/logs/python-foundation-install-20260921/foundation.local.lock.txt (line 164))
Processing ./cache/python-foundation-wheels-20260921/wheel-0.45.1-py3-none-any.whl (from -r /home/minsujo/Desktop/SH/PHYSx/logs/python-foundation-install-20260921/foundation.local.lock.txt (line 165))
Processing ./cache/python-foundation-wheels-20260921/widgetsnbextension-4.0.16-py3-none-any.whl (from -r /home/minsujo/Desktop/SH/PHYSx/logs/python-foundation-install-20260921/foundation.local.lock.txt (line 166))
Processing ./cache/python-foundation-wheels-20260921/wrapt-2.4.1-cp310-cp310-manylinux1_x86_64.manylinux_2_28_x86_64.manylinux_2_5_x86_64.whl (from -r /home/minsujo/Desktop/SH/PHYSx/logs/python-foundation-install-20260921/foundation.local.lock.txt (line 167))
Processing ./cache/python-foundation-wheels-20260921/xatlas-0.0.10-cp310-cp310-manylinux_2_17_x86_64.manylinux2014_x86_64.whl (from -r /home/minsujo/Desktop/SH/PHYSx/logs/python-foundation-install-20260921/foundation.local.lock.txt (line 168))
Processing ./cache/python-foundation-wheels-20260921/zipp-4.1.0-py3-none-any.whl (from -r /home/minsujo/Desktop/SH/PHYSx/logs/python-foundation-install-20260921/foundation.local.lock.txt (line 169))
Installing collected packages: texttable, pytz, pure-eval, ptyprocess, nvidia-cusparselt-cu12, mpmath, glcontext, flatbuffers, easydict, addict, zipp, xatlas, wrapt, widgetsnbextension, wheel, wcwidth, usd-core, urllib3, tzdata, typing-extensions, traitlets, tqdm, tornado, tomli, threadpoolctl, termcolor, sympy, six, setuptools, scooby, safetensors, rpds-py, retrying, regex, pyzmq, pyyaml, pyproject-hooks, pyparsing, pygments, pybind11, psutil, protobuf, portalocker, platformdirs, pillow, pexpect, parso, packaging, nvidia-nvtx-cu12, nvidia-nvjitlink-cu12, nvidia-nccl-cu12, nvidia-curand-cu12, nvidia-cufile-cu12, nvidia-cuda-runtime-cu12, nvidia-cuda-nvrtc-cu12, nvidia-cuda-cupti-cu12, nvidia-cublas-cu12, numpy, ninja, networkx, nest-asyncio, narwhals, mypy-extensions, moderngl, markupsafe, llvmlite, lark, kiwisolver, jupyterlab-widgets, janus, itsdangerous, imageio-ffmpeg, igraph, idna, humanfriendly, hf-xet, fsspec, fonttools, filelock, fastjsonschema, executing, entrypoints, einops, decorator, cycler, configargparse, comm, cmake, cloudpickle, click, charset-normalizer, certifi, blinker, attrs, asttokens, annotated-types, werkzeug, warp-lang, typing-inspection, typing-inspect, triton, trimesh, tifffile, stack-data, scipy, requests, referencing, python-dateutil, pyquaternion, pydantic-core, prompt-toolkit, plyfile, plotly, opencv-python-headless, nvidia-cusparse-cu12, nvidia-cufft-cu12, nvidia-cudnn-cu12, numba, matplotlib-inline, marshmallow, lazy-loader, jupyter-core, joblib, jinja2, jedi, importlib-metadata, imageio, ftfy, fire, exceptiongroup, deprecated, contourpy, coloredlogs, build, scikit-learn, scikit-image, pymatting, pydantic, pooch, pandas, onnxruntime, nvidia-cusolver-cu12, matplotlib, jupyter-client, jsonschema-specifications, ipython, huggingface-hub, flask, dataclasses-json, ccimport, vtk, torch, tokenizers, pygltflib, pccm, jsonschema, ipywidgets, ipdb, dash, transformers, torchvision, rembg, pyvista, nbformat, ipyevents, ipycanvas, pymeshfix, open3d, kaolin
  Attempting uninstall: wheel
    Found existing installation: wheel 0.47.0
    Uninstalling wheel-0.47.0:
      Successfully uninstalled wheel-0.47.0
  Attempting uninstall: setuptools
    Found existing installation: setuptools 83.0.0
    Uninstalling setuptools-83.0.0:
      Successfully uninstalled setuptools-83.0.0
  Attempting uninstall: packaging
    Found existing installation: packaging 26.3
    Uninstalling packaging-26.3:
      Successfully uninstalled packaging-26.3
Successfully installed addict-2.4.0 annotated-types-0.8.0 asttokens-3.0.2 attrs-26.1.0 blinker-1.9.0 build-1.2.2.post1 ccimport-0.4.4 certifi-2026.7.22 charset-normalizer-3.5.1 click-8.5.0 cloudpickle-3.1.2 cmake-3.31.6 coloredlogs-15.0.1 comm-0.2.3 configargparse-1.7.7 contourpy-1.3.2 cycler-0.12.1 dash-4.4.1 dataclasses-json-0.6.7 decorator-5.3.1 deprecated-1.3.1 easydict-1.13 einops-0.8.1 entrypoints-0.4 exceptiongroup-1.3.1 executing-2.2.1 fastjsonschema-2.22.2 filelock-4.0.1 fire-0.7.1 flask-3.1.3 flatbuffers-25.12.19 fonttools-4.65.0 fsspec-2026.9.0 ftfy-6.3.1 glcontext-3.0.0 hf-xet-1.6.0 huggingface-hub-0.34.4 humanfriendly-10.0 idna-3.20 igraph-0.11.8 imageio-2.37.0 imageio-ffmpeg-0.6.0 importlib-metadata-9.0.1 ipdb-0.13.13 ipycanvas-0.14.3 ipyevents-2.0.4 ipython-8.39.0 ipywidgets-8.1.9 itsdangerous-2.2.0 janus-2.0.0 jedi-0.20.0 jinja2-3.1.6 joblib-1.6.0 jsonschema-4.26.0 jsonschema-specifications-2025.9.1 jupyter-client-7.4.9 jupyter-core-5.9.1 jupyterlab-widgets-3.0.17 kaolin-0.18.0 kiwisolver-1.5.1 lark-1.3.1 lazy-loader-0.5 llvmlite-0.49.0 markupsafe-3.0.3 marshmallow-3.26.2 matplotlib-3.10.9 matplotlib-inline-0.2.2 moderngl-5.12.0 mpmath-1.3.0 mypy-extensions-1.1.0 narwhals-2.26.0 nbformat-5.11.1 nest-asyncio-1.6.0 networkx-3.4.2 ninja-1.11.1.4 numba-0.67.0 numpy-1.26.4 nvidia-cublas-cu12-12.8.3.14 nvidia-cuda-cupti-cu12-12.8.57 nvidia-cuda-nvrtc-cu12-12.8.61 nvidia-cuda-runtime-cu12-12.8.57 nvidia-cudnn-cu12-9.7.1.26 nvidia-cufft-cu12-11.3.3.41 nvidia-cufile-cu12-1.13.0.11 nvidia-curand-cu12-10.3.9.55 nvidia-cusolver-cu12-11.7.2.55 nvidia-cusparse-cu12-12.5.7.53 nvidia-cusparselt-cu12-0.6.3 nvidia-nccl-cu12-2.26.2 nvidia-nvjitlink-cu12-12.8.61 nvidia-nvtx-cu12-12.8.55 onnxruntime-1.22.0 open3d-0.19.0 opencv-python-headless-4.11.0.86 packaging-24.2 pandas-2.3.3 parso-0.8.7 pccm-0.4.16 pexpect-4.9.0 pillow-11.2.1 platformdirs-4.11.11 plotly-7.1.0 plyfile-1.1.2 pooch-1.9.0 portalocker-4.4.0 prompt-toolkit-3.0.53 protobuf-7.36.2 psutil-7.0.0 ptyprocess-0.7.0 pure-eval-0.2.4 pybind11-3.1.0 pydantic-2.13.5 pydantic-core-2.46.5 pygltflib-1.16.5 pygments-2.21.0 pymatting-1.1.16 pymeshfix-0.17.0 pyparsing-3.3.2 pyproject-hooks-1.3.3 pyquaternion-0.9.9 python-dateutil-2.9.0.post0 pytz-2026.3.post1 pyvista-0.45.2 pyyaml-6.0.3 pyzmq-27.2.0 referencing-0.37.0 regex-2024.11.6 rembg-2.0.65 requests-2.34.2 retrying-1.4.2 rpds-py-0.30.0 safetensors-0.5.3 scikit-image-0.25.2 scikit-learn-1.7.2 scipy-1.15.3 scooby-0.12.0 setuptools-75.8.0 six-1.17.0 stack-data-0.6.3 sympy-1.14.0 termcolor-3.3.0 texttable-1.7.0 threadpoolctl-3.7.0 tifffile-2025.5.10 tokenizers-0.21.1 tomli-2.4.1 torch-2.7.1+cu128 torchvision-0.22.1+cu128 tornado-6.5.10 tqdm-4.67.1 traitlets-5.16.1 transformers-4.51.3 trimesh-4.6.8 triton-3.3.1 typing-extensions-4.16.0 typing-inspect-0.9.0 typing-inspection-0.4.4 tzdata-2026.4 urllib3-2.8.0 usd-core-26.8 vtk-9.4.2 warp-lang-1.17.0 wcwidth-0.8.4 werkzeug-3.1.8 wheel-0.45.1 widgetsnbextension-4.0.16 wrapt-2.4.1 xatlas-0.0.10 zipp-4.1.0
