Processing ./.
  Preparing metadata (pyproject.toml): started
  Preparing metadata (pyproject.toml): finished with status 'done'
Building wheels for collected packages: flash_attn
  Building wheel for flash_attn (pyproject.toml): started
  Building wheel for flash_attn (pyproject.toml): still running...
  Building wheel for flash_attn (pyproject.toml): still running...
  Building wheel for flash_attn (pyproject.toml): still running...
  Building wheel for flash_attn (pyproject.toml): still running...
  Building wheel for flash_attn (pyproject.toml): still running...
  Building wheel for flash_attn (pyproject.toml): still running...
  Building wheel for flash_attn (pyproject.toml): still running...
  Building wheel for flash_attn (pyproject.toml): still running...
  Building wheel for flash_attn (pyproject.toml): still running...
  Building wheel for flash_attn (pyproject.toml): still running...
  Building wheel for flash_attn (pyproject.toml): still running...
  Building wheel for flash_attn (pyproject.toml): still running...
  Building wheel for flash_attn (pyproject.toml): still running...
  Building wheel for flash_attn (pyproject.toml): still running...
  Building wheel for flash_attn (pyproject.toml): still running...
  Building wheel for flash_attn (pyproject.toml): still running...
  Building wheel for flash_attn (pyproject.toml): still running...
  Building wheel for flash_attn (pyproject.toml): still running...
  Building wheel for flash_attn (pyproject.toml): still running...
  Building wheel for flash_attn (pyproject.toml): still running...
  Building wheel for flash_attn (pyproject.toml): still running...
  Building wheel for flash_attn (pyproject.toml): still running...
  Building wheel for flash_attn (pyproject.toml): still running...
  Building wheel for flash_attn (pyproject.toml): still running...
  Building wheel for flash_attn (pyproject.toml): still running...
  Building wheel for flash_attn (pyproject.toml): still running...
  Building wheel for flash_attn (pyproject.toml): still running...
  Building wheel for flash_attn (pyproject.toml): still running...
  Building wheel for flash_attn (pyproject.toml): still running...
  Building wheel for flash_attn (pyproject.toml): still running...
  Building wheel for flash_attn (pyproject.toml): still running...
  Building wheel for flash_attn (pyproject.toml): still running...
  Building wheel for flash_attn (pyproject.toml): still running...
  Building wheel for flash_attn (pyproject.toml): still running...
  Building wheel for flash_attn (pyproject.toml): still running...
  Building wheel for flash_attn (pyproject.toml): finished with status 'done'
  Created wheel for flash_attn: filename=flash_attn-2.8.3-cp310-cp310-linux_x86_64.whl size=68360417 sha256=a69268fc612f6c689b4af4647b0cab9c935ae17d2a5bb1c5a1c561e8d46aecd2
  Stored in directory: /home/minsujo/Desktop/SH/PHYSx/tmp/official-example-20260921T090259Z-flash-attention-wheel-conda-paths-2d7b8ff070/pip-ephem-wheel-cache-kuesixli/wheels/e8/e6/87/2de9586ae01c1a83f5d4b1823ed4acc95a1f1022b53dcfde0a
Successfully built flash_attn
