{
  "status": "passed",
  "torch": "2.7.1+cu128",
  "torchvision": "0.22.1+cu128",
  "torch_cuda_build": "12.8",
  "selected_gpu_uuid": "GPU-843dced4-ee97-dbb8-36c9-343fe13b7647",
  "selected_device_minor": 1,
  "logical_cuda_device": 0,
  "torch_device_uuid": "843dced4-ee97-dbb8-36c9-343fe13b7647",
  "uuid_crosscheck": "torch properties",
  "device_name": "NVIDIA GeForce RTX 5090",
  "compute_capability": [
    12,
    0
  ],
  "matrix_shape": [
    256,
    256
  ],
  "dtype": "float32",
  "expected_value": 256.0,
  "maximum_absolute_error": 0.0,
  "peak_tensor_allocation_bytes": 9830400,
  "elapsed_seconds": 4.2046857660170645,
  "loaded_cuda_libraries": {
    "libcuda.so": [
      "/usr/lib/x86_64-linux-gnu/libcuda.so.595.84"
    ],
    "libcublasLt.so": [
      "/home/minsujo/Desktop/SH/PHYSx/envs/physxgen/lib/python3.10/site-packages/nvidia/cublas/lib/libcublasLt.so.12"
    ],
    "libcublas.so": [
      "/home/minsujo/Desktop/SH/PHYSx/envs/physxgen/lib/python3.10/site-packages/nvidia/cublas/lib/libcublas.so.12"
    ],
    "libtorch_cuda.so": [
      "/home/minsujo/Desktop/SH/PHYSx/envs/physxgen/lib/python3.10/site-packages/torch/lib/libtorch_cuda.so"
    ],
    "libcudart.so": [
      "/home/minsujo/Desktop/SH/PHYSx/envs/physxgen/lib/python3.10/site-packages/nvidia/cuda_runtime/lib/libcudart.so.12"
    ]
  },
  "limit": "This passes only a small PyTorch/torchvision GPU compatibility check; extensions and PhysX reproduction remain untested."
}
